// Jest Snapshot v1, https://goo.gl/fbAQLP

exports[`App component should render 1`] = `
<div
  class="sc-gsTCUz kpSsQu"
>
  <div
    class="MuiBox-root MuiBox-root-1"
  >
    <svg
      aria-hidden="true"
      class="MuiSvgIcon-root"
      focusable="false"
      viewBox="0 0 24 24"
    >
      <path
        d="M20 11H7.83l5.59-5.59L12 4l-8 8 8 8 1.41-1.41L7.83 13H20v-2z"
      />
    </svg>
    <p
      class="MuiTypography-root MuiTypography-body1"
    >
      Back to previous
    </p>
  </div>
  <div>
    <header
      class="MuiPaper-root MuiAppBar-root MuiAppBar-positionStatic MuiAppBar-colorPrimary makeStyles-root-2 MuiPaper-elevation4"
    >
      <div
        class="MuiTabs-root"
      >
        <div
          class="MuiTabs-scroller MuiTabs-fixed"
          style="overflow: hidden;"
        >
          <div
            aria-label="dashboard tabs"
            class="MuiTabs-flexContainer"
            role="tablist"
          >
            <button
              aria-controls="nav-tabpanel-0"
              aria-selected="true"
              class="MuiButtonBase-root MuiTab-root MuiTab-textColorInherit Mui-selected"
              id="nav-tab-0"
              role="tab"
              tabindex="0"
              type="button"
            >
              <span
                class="MuiTab-wrapper"
              >
                Analyze
              </span>
              <span
                class="MuiTouchRipple-root"
              />
            </button>
            <button
              aria-controls="nav-tabpanel-1"
              aria-selected="false"
              class="MuiButtonBase-root MuiTab-root MuiTab-textColorInherit"
              id="nav-tab-1"
              role="tab"
              tabindex="-1"
              type="button"
            >
              <span
                class="MuiTab-wrapper"
              >
                My campaigns
              </span>
              <span
                class="MuiTouchRipple-root"
              />
            </button>
            <button
              aria-controls="nav-tabpanel-2"
              aria-selected="false"
              class="MuiButtonBase-root MuiTab-root MuiTab-textColorInherit"
              id="nav-tab-2"
              role="tab"
              tabindex="-1"
              type="button"
            >
              <span
                class="MuiTab-wrapper"
              >
                Configure
              </span>
              <span
                class="MuiTouchRipple-root"
              />
            </button>
            <button
              aria-controls="nav-tabpanel-3"
              aria-selected="false"
              class="MuiButtonBase-root MuiTab-root MuiTab-textColorInherit"
              id="nav-tab-3"
              role="tab"
              tabindex="-1"
              type="button"
            >
              <span
                class="MuiTab-wrapper"
              >
                Customize
              </span>
              <span
                class="MuiTouchRipple-root"
              />
            </button>
            <button
              aria-controls="nav-tabpanel-4"
              aria-selected="false"
              class="MuiButtonBase-root MuiTab-root MuiTab-textColorInherit"
              id="nav-tab-4"
              role="tab"
              tabindex="-1"
              type="button"
            >
              <span
                class="MuiTab-wrapper"
              >
                Research
              </span>
              <span
                class="MuiTouchRipple-root"
              />
            </button>
            <button
              aria-controls="nav-tabpanel-5"
              aria-selected="false"
              class="MuiButtonBase-root MuiTab-root MuiTab-textColorInherit"
              id="nav-tab-5"
              role="tab"
              tabindex="-1"
              type="button"
            >
              <span
                class="MuiTab-wrapper"
              >
                Inspect
              </span>
              <span
                class="MuiTouchRipple-root"
              />
            </button>
          </div>
          <span
            class="PrivateTabIndicator-root-3 PrivateTabIndicator-colorSecondary-5 MuiTabs-indicator"
            style="left: 0px; width: 0px;"
          />
        </div>
      </div>
    </header>
    <div
      aria-labelledby="nav-tab-0"
      id="nav-tabpanel-0"
      role="tabpanel"
    >
      <p
        class="MuiTypography-root MuiTypography-body1"
      />
    </div>
    <div
      aria-labelledby="nav-tab-1"
      hidden=""
      id="nav-tabpanel-1"
      role="tabpanel"
    />
    <div
      aria-labelledby="nav-tab-2"
      hidden=""
      id="nav-tabpanel-2"
      role="tabpanel"
    />
    <div
      aria-labelledby="nav-tab-3"
      hidden=""
      id="nav-tabpanel-3"
      role="tabpanel"
    />
    <div
      aria-labelledby="nav-tab-4"
      hidden=""
      id="nav-tabpanel-4"
      role="tabpanel"
    />
    <div
      aria-labelledby="nav-tab-5"
      hidden=""
      id="nav-tabpanel-5"
      role="tabpanel"
    />
  </div>
  <div>
    <div
      class="MuiFormControl-root makeStyles-formControl-7"
    >
      <label
        class="MuiFormLabel-root MuiInputLabel-root MuiInputLabel-formControl MuiInputLabel-animated MuiInputLabel-outlined"
        data-shrink="false"
        id="dropdown-menu"
      >
        Date
      </label>
      <div
        class="MuiInputBase-root MuiOutlinedInput-root MuiInputBase-formControl"
      >
        <div
          aria-haspopup="listbox"
          aria-labelledby="dropdown-menu dropdown-menu"
          class="MuiSelect-root MuiSelect-select MuiSelect-selectMenu MuiSelect-outlined MuiInputBase-input MuiOutlinedInput-input"
          id="dropdown-menu"
          role="button"
          tabindex="0"
        >
          <span>
            ​
          </span>
        </div>
        <input
          aria-hidden="true"
          class="MuiSelect-nativeInput"
          tabindex="-1"
          value=""
        />
        <svg
          aria-hidden="true"
          class="MuiSvgIcon-root MuiSelect-icon MuiSelect-iconOutlined"
          focusable="false"
          viewBox="0 0 24 24"
        >
          <path
            d="M7 10l5 5 5-5z"
          />
        </svg>
        <fieldset
          aria-hidden="true"
          class="PrivateNotchedOutline-root-9 MuiOutlinedInput-notchedOutline"
        >
          <legend
            class="PrivateNotchedOutline-legendLabelled-11"
          >
            <span>
              Value
            </span>
          </legend>
        </fieldset>
      </div>
    </div>
  </div>
</div>
`;
