// Jest Snapshot v1, https://goo.gl/fbAQLP

exports[`App component should render 1`] = `
<div>
  <h1>
    Dashboard
  </h1>
  <div
    aria-labelledby="nav-tab-undefined"
    id="nav-tabpanel-undefined"
    role="tabpanel"
  >
    <div
      class="MuiBox-root MuiBox-root-1"
    >
      <p
        class="MuiTypography-root MuiTypography-body1"
      />
    </div>
  </div>
</div>
`;
